====================================================================================================
Lint Check Report
Questa Lint  Version 2021.1 4558100 win64 28-Jan-2021

Timestamp            : Mon Aug 10 01:43:34 2026
Description          : Report for referring checks count, check violations details, and  design information
Design               : SPI_Wrapper
Database             : C:/college/digital_design_diploma/SPI_slave/lint.db
Design Quality Score : 100%

Sections:
   Section 1 : Check Summary
   Section 2 : Check Details
   Section 3 : Design Information
====================================================================================================


====================================================================================================
Section 1 : Check Summary
====================================================================================================
-------------
| Error (0) |
-------------

---------------
| Warning (0) |
---------------

------------
| Info (2) |
------------
  loop_var_not_in_condition               : 1
  always_signal_assign_large              : 1

----------------
| Resolved (0) |
----------------


====================================================================================================
Section 2 : Check Details
====================================================================================================
-------------
| Error (0) |
-------------


---------------
| Warning (0) |
---------------


------------
| Info (2) |
------------

Check: loop_var_not_in_condition [Category: Rtl Design Style] (1)
       [Message: Loop condition does not contain any of the loop's step variables. Module '<module>', File '<file>', Line '<line>'.]
-------------------------------------------------------------------------------------------------------------------------------------
loop_var_not_in_condition: [uninspected] Loop condition does not contain any of the loop's step variables. Module 'SPI_slave', File 'C:/college/digital_design_diploma/SPI_slave/SPI_slave.v', Line '22'. [RTL ID:cb0a4084_00201]


Check: always_signal_assign_large [Category: Rtl Design Style] (1)
       [Message: Always block has more signal assignments than the specified limit. Total count '<count>', Specified limit '<limit>', Module '<module>', File '<file>', Line '<line>'.]
----------------------------------------------------------------------------------------------------------------------------------------------------------------------------------------
always_signal_assign_large: [uninspected] Always block has more signal assignments than the specified limit. Total count '6', Specified limit '5', Module 'RAM', File 'C:/college/digital_design_diploma/SPI_slave/RAM.v', Line '21'.



----------------
| Resolved (0) |
----------------



====================================================================================================
Section 3 : Design Information
====================================================================================================
-----------
| Summary |
-----------
  Register Bits                           : 75
  Latch Bits                              : 0
  User-specified Blackboxes               : 0
  Inferred Blackboxes                     : 0
  Empty Modules                           : 0
  Unresolved Modules                      : 0
  Hierarchical IPs                        : 0

